../Core/Src/main.c:157:6:setTrajectory	96	static
../Core/Src/main.c:171:6:setPosition	136	static
../Core/Src/main.c:185:6:getFeedback	80	static
../Core/Src/main.c:203:6:setVelocity	120	static
../Core/Src/main.c:216:6:setTorque	104	static
../Core/Src/main.c:229:6:setState	56	static
../Core/Src/main.c:246:9:getState	56	static
../Core/Src/main.c:272:6:setParameter	88	static
../Core/Src/main.c:287:6:getParameter	88	static
../Core/Src/main.c:305:6:clearErrors	72	static
../Core/Src/main.c:318:5:main	32	static
../Core/Src/main.c:415:6:SystemClock_Config	88	static
../Core/Src/main.c:465:13:MX_ETH_Init	8	static
../Core/Src/main.c:514:13:MX_TIM3_Init	40	static
../Core/Src/main.c:559:13:MX_USART2_UART_Init	8	static
../Core/Src/main.c:594:13:MX_USART3_UART_Init	8	static
../Core/Src/main.c:629:13:MX_USART6_UART_Init	8	static
../Core/Src/main.c:664:13:MX_GPIO_Init	56	static
../Core/Src/main.c:715:6:HAL_TIM_PeriodElapsedCallback	16	static
../Core/Src/main.c:849:6:HAL_UART_RxCpltCallback	16	static
../Core/Src/main.c:883:6:HAL_UART_TxCpltCallback	16	static
../Core/Src/main.c:921:6:Error_Handler	4	static,ignoring_inline_asm
